{
  "version": "1.5.0",
  "plugins_used": [
    {
      "name": "ArtifactoryDetector"
    },
    {
      "name": "AWSKeyDetector"
    },
    {
      "name": "AzureStorageKeyDetector"
    },
    {
      "name": "Base64HighEntropyString",
      "limit": 4.5
    },
    {
      "name": "BasicAuthDetector"
    },
    {
      "name": "CloudantDetector"
    },
    {
      "name": "DiscordBotTokenDetector"
    },
    {
      "name": "GitHubTokenDetector"
    },
    {
      "name": "GitLabTokenDetector"
    },
    {
      "name": "HexHighEntropyString",
      "limit": 3.0
    },
    {
      "name": "IbmCloudIamDetector"
    },
    {
      "name": "IbmCosHmacDetector"
    },
    {
      "name": "IPPublicDetector"
    },
    {
      "name": "JwtTokenDetector"
    },
    {
      "name": "KeywordDetector",
      "keyword_exclude": ""
    },
    {
      "name": "MailchimpDetector"
    },
    {
      "name": "NpmDetector"
    },
    {
      "name": "OpenAIDetector"
    },
    {
      "name": "PrivateKeyDetector"
    },
    {
      "name": "PypiTokenDetector"
    },
    {
      "name": "SendGridDetector"
    },
    {
      "name": "SlackDetector"
    },
    {
      "name": "SoftlayerDetector"
    },
    {
      "name": "SquareOAuthDetector"
    },
    {
      "name": "StripeDetector"
    },
    {
      "name": "TelegramBotTokenDetector"
    },
    {
      "name": "TwilioKeyDetector"
    }
  ],
  "filters_used": [
    {
      "path": "detect_secrets.filters.allowlist.is_line_allowlisted"
    },
    {
      "path": "detect_secrets.filters.common.is_baseline_file",
      "filename": ".secrets.baseline"
    },
    {
      "path": "detect_secrets.filters.common.is_ignored_due_to_verification_policies",
      "min_level": 2
    },
    {
      "path": "detect_secrets.filters.heuristic.is_indirect_reference"
    },
    {
      "path": "detect_secrets.filters.heuristic.is_likely_id_string"
    },
    {
      "path": "detect_secrets.filters.heuristic.is_lock_file"
    },
    {
      "path": "detect_secrets.filters.heuristic.is_not_alphanumeric_string"
    },
    {
      "path": "detect_secrets.filters.heuristic.is_potential_uuid"
    },
    {
      "path": "detect_secrets.filters.heuristic.is_prefixed_with_dollar_sign"
    },
    {
      "path": "detect_secrets.filters.heuristic.is_sequential_string"
    },
    {
      "path": "detect_secrets.filters.heuristic.is_swagger_file"
    },
    {
      "path": "detect_secrets.filters.heuristic.is_templated_secret"
    },
    {
      "path": "detect_secrets.filters.regex.should_exclude_file",
      "pattern": [
        "\\.env$",
        "\\.venv/",
        "node_modules/",
        "\\.git/",
        "data/",
        "logs/"
      ]
    }
  ],
  "results": {
    ".agents/skills/backend-architect/SKILL.md": [
      {
        "type": "Secret Keyword",
        "filename": ".agents/skills/backend-architect/SKILL.md",
        "hashed_secret": "9352df1c0850d2e36c7f44567e1c8e124d7b0d92",
        "is_verified": false,
        "line_number": 173
      }
    ],
    "tests/backend/api/test_comment_admin.py": [
      {
        "type": "Secret Keyword",
        "filename": "tests/backend/api/test_comment_admin.py",
        "hashed_secret": "2346ad27d7568ba9896f1b7da6b5991251debdf2",
        "is_verified": false,
        "line_number": 23
      }
    ],
    "tests/backend/api/test_user.py": [
      {
        "type": "Secret Keyword",
        "filename": "tests/backend/api/test_user.py",
        "hashed_secret": "1c58bd92003bbaa0538e249fff6ee19a270dec5f",
        "is_verified": false,
        "line_number": 47
      },
      {
        "type": "Secret Keyword",
        "filename": "tests/backend/api/test_user.py",
        "hashed_secret": "6eb67d95dba1a614971e31e78146d44bd4a3ada3",
        "is_verified": false,
        "line_number": 63
      },
      {
        "type": "Secret Keyword",
        "filename": "tests/backend/api/test_user.py",
        "hashed_secret": "a8af4759392d4f7496d613174f33afe2074a4b8d",
        "is_verified": false,
        "line_number": 115
      },
      {
        "type": "Secret Keyword",
        "filename": "tests/backend/api/test_user.py",
        "hashed_secret": "7044e510b81d196a268c115cf0630c0d2f411e6e",
        "is_verified": false,
        "line_number": 352
      },
      {
        "type": "Secret Keyword",
        "filename": "tests/backend/api/test_user.py",
        "hashed_secret": "c47646275e1b22de53484d1bab3c323caba8d073",
        "is_verified": false,
        "line_number": 365
      },
      {
        "type": "Secret Keyword",
        "filename": "tests/backend/api/test_user.py",
        "hashed_secret": "f8851dece0dc2721c6c9ee69781b9aae94a8445e",
        "is_verified": false,
        "line_number": 407
      }
    ],
    "tests/test_config.py": [
      {
        "type": "Secret Keyword",
        "filename": "tests/test_config.py",
        "hashed_secret": "e9a5f12a8ecbb3eb46eca5096b5c52aa5e7c9fdd",
        "is_verified": false,
        "line_number": 38
      }
    ],
    "tests/test_summarizer.py": [
      {
        "type": "Secret Keyword",
        "filename": "tests/test_summarizer.py",
        "hashed_secret": "33bf851f50ad5a3addd8b2932d9d2c747023d577",
        "is_verified": false,
        "line_number": 14
      },
      {
        "type": "Secret Keyword",
        "filename": "tests/test_summarizer.py",
        "hashed_secret": "bea2f7b64fab8d1d414d0449530b1e088d36d5b1",
        "is_verified": false,
        "line_number": 75
      },
      {
        "type": "Secret Keyword",
        "filename": "tests/test_summarizer.py",
        "hashed_secret": "0d1919ff4eebc7af7ee04381259deedc059369aa",
        "is_verified": false,
        "line_number": 77
      }
    ],
    "tests/test_translator.py": [
      {
        "type": "Secret Keyword",
        "filename": "tests/test_translator.py",
        "hashed_secret": "3acfb2c2b433c0ea7ff107e33df91b18e52f960f",
        "is_verified": false,
        "line_number": 45
      }
    ],
    "web/app/public/draco/draco_decoder.js": [
      {
        "type": "Base64 High Entropy String",
        "filename": "web/app/public/draco/draco_decoder.js",
        "hashed_secret": "42af896d594a524f053c3caa4df5a859d8a2c45b",
        "is_verified": false,
        "line_number": 10
      },
      {
        "type": "Base64 High Entropy String",
        "filename": "web/app/public/draco/draco_decoder.js",
        "hashed_secret": "8ca164988dda8d749d8604d4e3f873f21858735d",
        "is_verified": false,
        "line_number": 10
      },
      {
        "type": "Base64 High Entropy String",
        "filename": "web/app/public/draco/draco_decoder.js",
        "hashed_secret": "1d278d3c888d1a2fa7eed622bfc02927ce4049af",
        "is_verified": false,
        "line_number": 21
      }
    ],
    "web/app/public/draco/draco_encoder.js": [
      {
        "type": "Base64 High Entropy String",
        "filename": "web/app/public/draco/draco_encoder.js",
        "hashed_secret": "1d278d3c888d1a2fa7eed622bfc02927ce4049af",
        "is_verified": false,
        "line_number": 4
      }
    ],
    "web/backend/.env.example": [
      {
        "type": "Basic Auth Credentials",
        "filename": "web/backend/.env.example",
        "hashed_secret": "5baa61e4c9b93f3f0682250b6cf8331b7ee68fd8",
        "is_verified": false,
        "line_number": 6
      }
    ],
    "web/backend/README.md": [
      {
        "type": "Basic Auth Credentials",
        "filename": "web/backend/README.md",
        "hashed_secret": "9d4e1e23bd5b727046a9e3b4b7db57bd8d6ee684",
        "is_verified": false,
        "line_number": 82
      }
    ],
    "web/backend/services/alipay_auth.py": [
      {
        "type": "Private Key",
        "filename": "web/backend/services/alipay_auth.py",
        "hashed_secret": "be4fc4886bd949b369d5e092eb87494f12e57e5b",
        "is_verified": false,
        "line_number": 61
      }
    ],
    "web/backend/test_db.py": [
      {
        "type": "Secret Keyword",
        "filename": "web/backend/test_db.py",
        "hashed_secret": "d033e22ae348aeb5660fc2140aec35850c4da997",
        "is_verified": false,
        "line_number": 26
      }
    ]
  },
  "generated_at": "2026-06-29T15:14:14Z"
}
